------------------------------------------------------------
TimeQuest Timing Analyzer Summary
------------------------------------------------------------

Type  : Slow 1200mV 85C Model Setup 'U2|altpll_component|auto_generated|pll1|clk[0]'
Slack : 32.332
TNS   : 0.000

Type  : Slow 1200mV 85C Model Hold 'U2|altpll_component|auto_generated|pll1|clk[0]'
Slack : 0.570
TNS   : 0.000

Type  : Slow 1200mV 85C Model Minimum Pulse Width 'CLOCK_50'
Slack : 9.740
TNS   : 0.000

Type  : Slow 1200mV 85C Model Minimum Pulse Width 'U2|altpll_component|auto_generated|pll1|clk[0]'
Slack : 19.619
TNS   : 0.000

Type  : Slow 1200mV 0C Model Setup 'U2|altpll_component|auto_generated|pll1|clk[0]'
Slack : 33.083
TNS   : 0.000

Type  : Slow 1200mV 0C Model Hold 'U2|altpll_component|auto_generated|pll1|clk[0]'
Slack : 0.512
TNS   : 0.000

Type  : Slow 1200mV 0C Model Minimum Pulse Width 'CLOCK_50'
Slack : 9.713
TNS   : 0.000

Type  : Slow 1200mV 0C Model Minimum Pulse Width 'U2|altpll_component|auto_generated|pll1|clk[0]'
Slack : 19.614
TNS   : 0.000

Type  : Fast 1200mV 0C Model Setup 'U2|altpll_component|auto_generated|pll1|clk[0]'
Slack : 35.511
TNS   : 0.000

Type  : Fast 1200mV 0C Model Hold 'U2|altpll_component|auto_generated|pll1|clk[0]'
Slack : 0.306
TNS   : 0.000

Type  : Fast 1200mV 0C Model Minimum Pulse Width 'CLOCK_50'
Slack : 9.425
TNS   : 0.000

Type  : Fast 1200mV 0C Model Minimum Pulse Width 'U2|altpll_component|auto_generated|pll1|clk[0]'
Slack : 19.649
TNS   : 0.000

------------------------------------------------------------
